3v
1a
u.s
dra
l
cá”
fry
10v
6ºa
–pl
j
k
9v
a.c
“sr
4v
​ii
50h
soc
ig
out
inc
wey
co
'au
rev
11v
5v
z
a.e.u.a
s.o.s
jul
cc”
eng
const
lá”
zuanazzi
abr
6v
8v
f.c
set
prof
24v
ind
só”
it»
e.f
c»
taa
m.f
diarioweb.com.br
“r
ivy
d.i
m.m.m
vs
zap
a.a
rim
khs
w
15v
c.b
eua”
c.r
s
j.m
«dr
ir”
“dr
há”
​iv
f
fed
2v
pé”
j.b
toe
n
ii”
«d
80m
ypf
jun
q
“d”
st
s.d
ago
w.a.s
“j
m
org
7v
«mr
art
r
r.m
t
nov
s.a»
sr
2.v
4a
mr
g
rpm
r.l
.a
suá
p.c
orgs
s/b
l»
ven
jr
ltd
20v
dr
s.a”
u.s.s
d.c
srs
/to
kg
p
j.k
stm»
exp
vol
h.l.a
a.b
és
pnb
