1065.sent
11

1065.sent
12

1072.sent
818

10779.sent
27

10851.sent
9

10851.sent
12

10851.sent
15

10851.sent
18

10851.sent
27

10851.sent
35

10851.sent
37

10869.sent
83

1086.sent
7

1087.sent
12

10886.sent
20

1088.sent
37

10896.sent
6

10901.sent
9

10923.sent
16

10928.sent
6

11035.sent
21

11044.sent
41

11054.sent
3

11054.sent
6

11099.sent
30

11103.sent
5

11125.sent
9

11165.sent
15

11181.sent
24

11181.sent
25

11181.sent
29

11215.sent
2

11227.sent
75

11309.sent
4

11332.sent
29

11371.sent
7

1138.sent
4

1138.sent
18

11440.sent
42

11447.sent
14

11456.sent
5

11456.sent
6

11456.sent
7

11456.sent
8

11467.sent
10

11507.sent
5

1156.sent
74

11606.sent
41

11611.sent
21

11617.sent
36

11670.sent
63

1199.sent
21

12106.sent
5

12113.sent
7

12164.sent
5

12169.sent
14

1221.sent
20

1228.sent
5

1238.sent
7

1246.sent
48

1271.sent
21

1284.sent
119

1284.sent
134

1294.sent
11

130.sent
79

1313.sent
7

1320.sent
10

1332.sent
37

1337.sent
7

1381.sent
17

1406.sent
5

1414.sent
30

1414.sent
31

1432.sent
36

1445.sent
33

1465.sent
50

152.sent
41

153.sent
5

1566.sent
31

1576.sent
6

1615.sent
10

1627.sent
10

1645.sent
3

1645.sent
4

1656.sent
29

1661.sent
31

1666.sent
78

1689.sent
23

1699.sent
17

1700.sent
27

1737.sent
16

1742.sent
43

1749.sent
11

1774.sent
13

1785.sent
24

1790.sent
516

1790.sent
536

1807.sent
61

1807.sent
62

1807.sent
114

1807.sent
133

1807.sent
161

1807.sent
162

1850.sent
24

1886.sent
12

1886.sent
14

1887.sent
26

1892.sent
4

1892.sent
5

1913.sent
20

1913.sent
23

1934.sent
6

1945.sent
6

1962.sent
33

1978.sent
13

1990.sent
9

1990.sent
20

2040.sent
41

2068.sent
9

2069.sent
22

207.sent
56

2103.sent
8

2103.sent
80

2135.sent
15

2160.sent
12

2160.sent
13

2160.sent
14

2160.sent
41

2165.sent
8

2166.sent
13

2166.sent
14

2227.sent
168

224.sent
21

2309.sent
72

2312.sent
33

2313.sent
8

2339.sent
9

2340.sent
6

2340.sent
9

2340.sent
11

2340.sent
30

2342.sent
36

2362.sent
65

2365.sent
7

2388.sent
47

2412.sent
6

2412.sent
718

2429.sent
70

2438.sent
10

2438.sent
80

2460.sent
9

2503.sent
50

2582.sent
18

2629.sent
38

2635.sent
52

2643.sent
34

2645.sent
137

2717.sent
97

2745.sent
2

2745.sent
30

2746.sent
35

2752.sent
5

2762.sent
11

2778.sent
54

277.sent
7

2786.sent
14

2793.sent
8

2818.sent
12

2820.sent
66

2834.sent
13

2866.sent
11

2890.sent
52

2901.sent
73

2906.sent
46

2906.sent
61

2920.sent
25

2952.sent
36

2958.sent
37

2976.sent
83

2993.sent
102

3024.sent
45

3037.sent
38

3037.sent
40

3059.sent
12

3093.sent
6

3095.sent
15

310.sent
14

312.sent
89

313.sent
294

313.sent
1225

3155.sent
2

3171.sent
47

3186.sent
88

3213.sent
38

3220.sent
4

3238.sent
28

3283.sent
5

3283.sent
6

3326.sent
28

3336.sent
26

3337.sent
48

3355.sent
70

3411.sent
103

3416.sent
14

3430.sent
11

3470.sent
3

3482.sent
40

3492.sent
19

3492.sent
20

3528.sent
11

3570.sent
35

3588.sent
586

3624.sent
63

3634.sent
18

3634.sent
21

3634.sent
23

3644.sent
16

365.sent
20

3678.sent
9

3685.sent
6

3685.sent
12

3699.sent
25

3835.sent
20

3845.sent
10

3852.sent
19

3894.sent
2

3926.sent
21

3926.sent
22

4010.sent
4

4010.sent
17

4030.sent
5

4065.sent
5

4107.sent
659

4125.sent
13

4136.sent
7

4152.sent
8

4167.sent
14

419.sent
94

4232.sent
19

4241.sent
43

424.sent
25

4304.sent
5

4307.sent
57

430.sent
8

4343.sent
16

435.sent
32

4379.sent
25

4381.sent
53

4408.sent
14

4494.sent
19

4501.sent
5

4501.sent
16

4518.sent
47

4528.sent
21

454.sent
15

4603.sent
40

4719.sent
29

4721.sent
38

4741.sent
8

4773.sent
3

4784.sent
10

4793.sent
19

47.sent
26

4844.sent
24

4859.sent
20

4872.sent
27

4878.sent
7

4881.sent
27

4895.sent
79

490.sent
6

490.sent
10

4923.sent
13

4924.sent
14

4974.sent
14

5030.sent
21

5041.sent
207

5048.sent
24

5048.sent
25

5048.sent
26

5048.sent
27

5062.sent
7

5086.sent
45

5098.sent
92

5099.sent
45

5208.sent
13

5226.sent
53

5231.sent
15

5231.sent
16

5237.sent
15

5268.sent
14

527.sent
25

528.sent
10

5313.sent
10

5322.sent
16

5338.sent
9

5391.sent
4

5450.sent
6

5458.sent
2067

5458.sent
2638

5467.sent
18

5483.sent
4

5518.sent
66

551.sent
19

5554.sent
20

5555.sent
75

5571.sent
63

5571.sent
70

5572.sent
70

5584.sent
39

5592.sent
21

5594.sent
4

5605.sent
13

563.sent
9

5704.sent
22

5724.sent
2

5728.sent
54

572.sent
8

5745.sent
245

5747.sent
189

5753.sent
334

5753.sent
353

5786.sent
168

5792.sent
102

5805.sent
7

5805.sent
183

5805.sent
184

5805.sent
186

5805.sent
211

5805.sent
213

5805.sent
221

5805.sent
251

5805.sent
275

5805.sent
276

5805.sent
291

5805.sent
292

5805.sent
294

5805.sent
324

5805.sent
325

5807.sent
37

5811.sent
54

5826.sent
25

5835.sent
2

5837.sent
67

5842.sent
21

5847.sent
153

5850.sent
19

5851.sent
9

5868.sent
2

5875.sent
4

5900.sent
3

5900.sent
7

5910.sent
2

5917.sent
93

5935.sent
2

5935.sent
15

5935.sent
96

5956.sent
64

5985.sent
97

5999.sent
68

5999.sent
139

59.sent
66

6069.sent
697

6122.sent
107

6139.sent
163

6140.sent
32

6140.sent
37

616.sent
126

6231.sent
169

625.sent
37

6293.sent
3

6310.sent
5

6314.sent
18

6348.sent
6

6353.sent
130

6363.sent
10

6367.sent
114

6374.sent
23

6375.sent
19

6375.sent
30

6375.sent
45

6375.sent
47

6375.sent
48

6375.sent
49

6375.sent
50

6375.sent
102

6375.sent
104

6375.sent
203

6378.sent
58

6378.sent
214

6382.sent
34

6383.sent
80

6383.sent
140

638.sent
109

6391.sent
3

6400.sent
51

6400.sent
109

6405.sent
5

673.sent
23

683.sent
6

684.sent
20

689.sent
82

6.sent
34

706.sent
20

711.sent
56

711.sent
57

723.sent
2

753.sent
7

768.sent
12

768.sent
13

76.sent
32

772.sent
81

772.sent
120

773.sent
14

7796.sent
87

785.sent
23

801.sent
11

801.sent
12

814.sent
19

820.sent
15

825.sent
7

825.sent
8

825.sent
10

867.sent
74

867.sent
973

867.sent
980

8729.sent
22

873.sent
28

8758.sent
4

8758.sent
5

8774.sent
55

8778.sent
68

8778.sent
72

8792.sent
14

8819.sent
16

8834.sent
20

8867.sent
13

8867.sent
14

8867.sent
15

8875.sent
14

8882.sent
82

8882.sent
116

8897.sent
2

9008.sent
16

92.sent
10

942.sent
229

969.sent
4

978.sent
10

978.sent
30

99.sent
12

